Guessed flow protos:	0

DPI Packets (TCP):	4	(4.00 pkts/flow)
Confidence DPI              : 1 (flows)
Num dissector calls: 121 (121.00 diss/flow)
LRU cache ookla:      0/0/0 (insert/search/found)
LRU cache bittorrent: 0/0/0 (insert/search/found)
LRU cache zoom:       0/0/0 (insert/search/found)
LRU cache stun:       0/0/0 (insert/search/found)
LRU cache tls_cert:   0/0/0 (insert/search/found)
LRU cache mining:     0/0/0 (insert/search/found)
LRU cache msteams:    0/0/0 (insert/search/found)
LRU cache stun_zoom:  0/0/0 (insert/search/found)
Automa host:          0/0 (search/found)
Automa domain:        0/0 (search/found)
Automa tls cert:      0/0 (search/found)
Automa risk mask:     0/0 (search/found)
Automa common alpns:  0/0 (search/found)
Patricia risk mask:   0/0 (search/found)
Patricia risk:        0/0 (search/found)
Patricia protocols:   2/0 (search/found)

HAProxy	15	6441	1

	1	TCP 172.16.17.1:48502 <-> 172.16.16.117:443 [proto: 350/HAProxy][IP: 0/Unknown][ClearText][Confidence: DPI][DPI packets: 4][cat: Web/5][8 pkts/1268 bytes <-> 7 pkts/5173 bytes][Goodput ratio: 58/91][0.10 sec][bytes ratio: -0.606 (Download)][IAT c2s/s2c min/avg/max/stddev: 0/0 16/9 45/26 17/10][Pkt Len c2s/s2c min/avg/max/stddev: 66/66 158/739 489/2962 160/1037][PLAIN TEXT (PROXY TCP)][Plen Bins: 16,0,0,0,0,0,0,0,16,16,0,0,0,16,0,0,0,0,0,0,0,0,0,0,0,0,0,0,0,0,0,0,0,0,0,0,0,0,0,0,0,0,0,0,0,0,16,16]
